Generating cavity-enhanced TMSV data
  ⟨N⟩ range: 2.0..40.0
  ℱ range: 1..1000
  ω points per ℱ: 200
  Sweeping ℱ=1 (1/10)
    N=2 (1/20) [1.3s] dt_min=0.03617861
    N=4 (2/20) [4.2s] dt_min=0.02094923
    N=6 (3/20) [13.2s] dt_min=0.0147362
    N=8 (4/20) [18.6s] dt_min=0.01136875
    N=10 (5/20) [31.5s] dt_min=0.009259529
    N=12 (6/20) [51.6s] dt_min=0.007812797
    N=14 (7/20) [83.4s] dt_min=0.006763472
    N=16 (8/20) [126.5s] dt_min=0.005960486
    N=18 (9/20) [176.1s] dt_min=0.00532591
    N=20 (10/20) [249.8s] dt_min=0.004816633
    N=22 (11/20) [345.5s] dt_min=0.004395551
    N=24 (12/20) [448.7s] dt_min=0.004040759
    N=26 (13/20) [567.6s] dt_min=0.003740497
    N=28 (14/20) [686.2s] dt_min=0.003482598
    N=30 (15/20) [810.0s] dt_min=0.003256505
    N=32 (16/20) [950.1s] dt_min=0.003061803
    N=34 (17/20) [1015.3s] dt_min=0.002897978
    N=36 (18/20) [1080.7s] dt_min=0.002753614
    N=38 (19/20) [1146.0s] dt_min=0.002626441
    N=40 (20/20) [1211.7s] dt_min=0.002514049
  ℱ=1 total: 1211.9s (20.2m)
  Sweeping ℱ=2 (2/10)
    N=2 (1/20) [0.9s] dt_min=0.0180893
    N=4 (2/20) [3.3s] dt_min=0.01047462
    N=6 (3/20) [10.4s] dt_min=0.007368098
    N=8 (4/20) [14.1s] dt_min=0.005684376
    N=10 (5/20) [19.5s] dt_min=0.004629765
    N=12 (6/20) [27.5s] dt_min=0.003906399
    N=14 (7/20) [38.5s] dt_min=0.003381736
    N=16 (8/20) [53.8s] dt_min=0.002980243
    N=18 (9/20) [73.1s] dt_min=0.002662956
    N=20 (10/20) [97.7s] dt_min=0.002408317
    N=22 (11/20) [126.4s] dt_min=0.002197776
    N=24 (12/20) [162.3s] dt_min=0.00202038
    N=26 (13/20) [204.4s] dt_min=0.001870249
    N=28 (14/20) [254.2s] dt_min=0.001741299
    N=30 (15/20) [312.2s] dt_min=0.001628253
    N=32 (16/20) [379.0s] dt_min=0.001530902
    N=34 (17/20) [444.8s] dt_min=0.00144899
    N=36 (18/20) [510.1s] dt_min=0.001376808
    N=38 (19/20) [576.8s] dt_min=0.001313221
    N=40 (20/20) [642.2s] dt_min=0.001257025
  ℱ=2 total: 642.2s (10.7m)
  Sweeping ℱ=5 (3/10)
    N=2 (1/20) [2.3s] dt_min=0.007235722
    N=4 (2/20) [4.7s] dt_min=0.004189847
    N=6 (3/20) [11.7s] dt_min=0.00294724
    N=8 (4/20) [15.3s] dt_min=0.002273751
    N=10 (5/20) [20.9s] dt_min=0.001851906
    N=12 (6/20) [28.8s] dt_min=0.00156256
    N=14 (7/20) [40.1s] dt_min=0.001352695
    N=16 (8/20) [55.4s] dt_min=0.001192098
    N=18 (9/20) [73.7s] dt_min=0.001065183
    N=20 (10/20) [97.2s] dt_min=0.000963328
    N=22 (11/20) [126.7s] dt_min=0.0008791117
    N=24 (12/20) [162.7s] dt_min=0.0008081535
    N=26 (13/20) [203.8s] dt_min=0.0007481012
    N=28 (14/20) [253.2s] dt_min=0.0006965214
    N=30 (15/20) [309.9s] dt_min=0.000651303
    N=32 (16/20) [374.9s] dt_min=0.0006123628
    N=34 (17/20) [439.9s] dt_min=0.0005795978
    N=36 (18/20) [506.1s] dt_min=0.000550725
    N=38 (19/20) [570.9s] dt_min=0.0005252905
    N=40 (20/20) [635.8s] dt_min=0.0005028122
  ℱ=5 total: 635.9s (10.6m)
  Sweeping ℱ=10 (4/10)
    N=2 (1/20) [1.0s] dt_min=0.003617861
    N=4 (2/20) [3.3s] dt_min=0.002094924
    N=6 (3/20) [10.6s] dt_min=0.001473621
    N=8 (4/20) [14.1s] dt_min=0.001136876
    N=10 (5/20) [19.4s] dt_min=0.0009259543
    N=12 (6/20) [27.4s] dt_min=0.0007812815
    N=14 (7/20) [38.2s] dt_min=0.0006763493
    N=16 (8/20) [52.7s] dt_min=0.0005960509
    N=18 (9/20) [71.0s] dt_min=0.0005325936
    N=20 (10/20) [94.2s] dt_min=0.0004816661
    N=22 (11/20) [122.9s] dt_min=0.0004395582
    N=24 (12/20) [158.2s] dt_min=0.0004040793
    N=26 (13/20) [199.3s] dt_min=0.0003740534
    N=28 (14/20) [263.4s] dt_min=0.0003482637
    N=30 (15/20) [332.8s] dt_min=0.0003256547
    N=32 (16/20) [406.2s] dt_min=0.0003061848
    N=34 (17/20) [480.3s] dt_min=0.0002898024
    N=36 (18/20) [555.0s] dt_min=0.0002753661
    N=38 (19/20) [629.1s] dt_min=0.0002626489
    N=40 (20/20) [708.0s] dt_min=0.0002514099
  ℱ=10 total: 708.1s (11.8m)
  Sweeping ℱ=20 (5/10)
    N=2 (1/20) [3.4s] dt_min=0.001808931
    N=4 (2/20) [8.2s] dt_min=0.001047463
    N=6 (3/20) [17.6s] dt_min=0.0007368117
    N=8 (4/20) [21.5s] dt_min=0.00056844
    N=10 (5/20) [27.5s] dt_min=0.0004629794
    N=12 (6/20) [36.3s] dt_min=0.0003906434
    N=14 (7/20) [48.9s] dt_min=0.0003381777
    N=16 (8/20) [65.5s] dt_min=0.0002980289
    N=18 (9/20) [86.2s] dt_min=0.0002663007
    N=20 (10/20) [112.0s] dt_min=0.0002408374
    N=22 (11/20) [143.1s] dt_min=0.0002197838
    N=24 (12/20) [181.8s] dt_min=0.0002020448
    N=26 (13/20) [227.7s] dt_min=0.0001870322
    N=28 (14/20) [284.3s] dt_min=0.0001741378
    N=30 (15/20) [348.4s] dt_min=0.0001628337
    N=32 (16/20) [425.8s] dt_min=0.0001530991
    N=34 (17/20) [495.7s] dt_min=0.0001449081
    N=36 (18/20) [565.5s] dt_min=0.0001376902
    N=38 (19/20) [637.5s] dt_min=0.0001313318
    N=40 (20/20) [711.7s] dt_min=0.0001257124
  ℱ=20 total: 711.7s (11.9m)
  Sweeping ℱ=50 (6/10)
    N=2 (1/20) [1.1s] dt_min=0.0007235741
    N=4 (2/20) [3.7s] dt_min=0.0004189878
    N=6 (3/20) [11.5s] dt_min=0.0002947285
    N=8 (4/20) [15.5s] dt_min=0.000227381
    N=10 (5/20) [21.4s] dt_min=0.000185198
    N=12 (6/20) [29.9s] dt_min=0.0001562647
    N=14 (7/20) [41.7s] dt_min=0.0001352796
    N=16 (8/20) [58.1s] dt_min=0.0001192213
    N=18 (9/20) [78.6s] dt_min=0.0001065312
    N=20 (10/20) [105.0s] dt_min=9.634701e-05
    N=22 (11/20) [138.0s] dt_min=8.792674e-05
    N=24 (12/20) [178.0s] dt_min=8.083232e-05
    N=26 (13/20) [225.2s] dt_min=7.482846e-05
    N=28 (14/20) [279.6s] dt_min=6.967185e-05
    N=30 (15/20) [342.6s] dt_min=6.515141e-05
    N=32 (16/20) [415.4s] dt_min=6.125855e-05
    N=34 (17/20) [488.6s] dt_min=5.798276e-05
    N=36 (18/20) [561.0s] dt_min=5.509614e-05
    N=38 (19/20) [634.0s] dt_min=5.255324e-05
    N=40 (20/20) [709.3s] dt_min=5.030589e-05
  ℱ=50 total: 709.3s (11.8m)
  Sweeping ℱ=100 (7/10)
    N=2 (1/20) [1.4s] dt_min=0.0003617901
    N=4 (2/20) [4.5s] dt_min=0.0002094987
    N=6 (3/20) [12.8s] dt_min=0.0001473712
    N=8 (4/20) [16.6s] dt_min=0.0001136995
    N=10 (5/20) [22.5s] dt_min=9.261008e-05
    N=12 (6/20) [32.6s] dt_min=7.814554e-05
    N=14 (7/20) [44.4s] dt_min=6.765508e-05
    N=16 (8/20) [60.4s] dt_min=5.962801e-05
    N=18 (9/20) [80.6s] dt_min=5.328505e-05
    N=20 (10/20) [107.1s] dt_min=4.819505e-05
    N=22 (11/20) [140.7s] dt_min=4.398697e-05
    N=24 (12/20) [182.3s] dt_min=4.044188e-05
    N=26 (13/20) [227.9s] dt_min=3.744202e-05
    N=28 (14/20) [283.9s] dt_min=3.486579e-05
    N=30 (15/20) [347.8s] dt_min=3.26077e-05
    N=32 (16/20) [422.0s] dt_min=3.066304e-05
    N=34 (17/20) [494.1s] dt_min=2.902621e-05
    N=36 (18/20) [566.1s] dt_min=2.758389e-05
    N=38 (19/20) [638.3s] dt_min=2.631329e-05
    N=40 (20/20) [713.6s] dt_min=2.519034e-05
  ℱ=100 total: 713.6s (11.9m)
  Sweeping ℱ=200 (8/10)
    N=2 (1/20) [1.2s] dt_min=0.000180901
    N=4 (2/20) [4.3s] dt_min=0.000104759
    N=6 (3/20) [12.3s] dt_min=7.369942e-05
    N=8 (4/20) [16.2s] dt_min=5.686776e-05
    N=10 (5/20) [22.3s] dt_min=4.632724e-05
    N=12 (6/20) [31.2s] dt_min=3.909913e-05
    N=14 (7/20) [44.0s] dt_min=3.385809e-05
    N=16 (8/20) [61.3s] dt_min=2.984875e-05
    N=18 (9/20) [83.1s] dt_min=2.668147e-05
    N=20 (10/20) [109.9s] dt_min=2.414062e-05
    N=22 (11/20) [141.3s] dt_min=2.204069e-05
    N=24 (12/20) [180.5s] dt_min=2.02724e-05
    N=26 (13/20) [226.2s] dt_min=1.877663e-05
    N=28 (14/20) [281.1s] dt_min=1.749266e-05
    N=30 (15/20) [346.6s] dt_min=1.636791e-05
    N=32 (16/20) [421.8s] dt_min=1.539913e-05
    N=34 (17/20) [495.7s] dt_min=1.458285e-05
    N=36 (18/20) [569.8s] dt_min=1.386371e-05
    N=38 (19/20) [649.7s] dt_min=1.323014e-05
    N=40 (20/20) [732.7s] dt_min=1.267014e-05
  ℱ=200 total: 732.7s (12.2m)
  Sweeping ℱ=500 (9/10)
    N=2 (1/20) [1.5s] dt_min=7.237707e-05
    N=4 (2/20) [5.6s] dt_min=4.193057e-05
    N=6 (3/20) [15.6s] dt_min=2.951849e-05
    N=8 (4/20) [19.6s] dt_min=2.279752e-05
    N=10 (5/20) [25.9s] dt_min=1.859308e-05
    N=12 (6/20) [34.4s] dt_min=1.571352e-05
    N=14 (7/20) [46.7s] dt_min=1.362884e-05
    N=16 (8/20) [63.6s] dt_min=1.20369e-05
    N=18 (9/20) [84.4s] dt_min=1.078188e-05
    N=20 (10/20) [110.4s] dt_min=9.777202e-06
    N=22 (11/20) [141.7s] dt_min=8.948666e-06
    N=24 (12/20) [184.1s] dt_min=8.253575e-06
    N=26 (13/20) [229.9s] dt_min=7.666961e-06
    N=28 (14/20) [286.9s] dt_min=7.164937e-06
    N=30 (15/20) [352.4s] dt_min=6.726852e-06
    N=32 (16/20) [437.0s] dt_min=6.350153e-06
    N=34 (17/20) [515.8s] dt_min=6.029699e-06
    N=36 (18/20) [591.4s] dt_min=5.748398e-06
    N=38 (19/20) [660.7s] dt_min=5.500475e-06
    N=40 (20/20) [732.6s] dt_min=5.281241e-06
  ℱ=500 total: 732.8s (12.2m)
  Sweeping ℱ=1000 (10/10)
    N=2 (1/20) [1.2s] dt_min=3.62183e-05
    N=4 (2/20) [4.3s] dt_min=2.101348e-05
    N=6 (3/20) [12.3s] dt_min=1.482844e-05
    N=8 (4/20) [15.8s] dt_min=1.148885e-05
    N=10 (5/20) [21.5s] dt_min=9.407777e-06
    N=12 (6/20) [30.4s] dt_min=7.989023e-06
    N=14 (7/20) [42.0s] dt_min=6.967769e-06
    N=16 (8/20) [58.2s] dt_min=6.192381e-06
    N=18 (9/20) [78.3s] dt_min=5.586409e-06
    N=20 (10/20) [103.8s] dt_min=5.104984e-06
    N=22 (11/20) [136.2s] dt_min=4.69044e-06
    N=24 (12/20) [176.1s] dt_min=4.337291e-06
    N=26 (13/20) [221.8s] dt_min=4.041148e-06
    N=28 (14/20) [275.8s] dt_min=3.775492e-06
    N=30 (15/20) [337.8s] dt_min=3.53762e-06
    N=32 (16/20) [409.5s] dt_min=3.354084e-06
    N=34 (17/20) [484.6s] dt_min=3.22663e-06
    N=36 (18/20) [558.6s] dt_min=3.116351e-06
    N=38 (19/20) [628.5s] dt_min=3.019936e-06
    N=40 (20/20) [700.3s] dt_min=2.933796e-06
  ℱ=1000 total: 700.4s (11.7m)

Combining 10 results
Total: 7498.5s (125.0m)
  Saved to /home/miguel/Git/notebooks/reports/r20260629/raw_data/20260629-cavity_tmsv_sensitivity.parquet
Fitting scaling exponents...
  Overall α (combined): -0.9247
  Prefactor β: 0.9944 ± 0.0043
  Plotted /home/miguel/Git/notebooks/reports/r20260629/figures/20260629-delta_omega_F1.0.svg
  Plotted /home/miguel/Git/notebooks/reports/r20260629/figures/20260629-delta_omega_F5.0.svg
  Plotted /home/miguel/Git/notebooks/reports/r20260629/figures/20260629-delta_omega_F20.0.svg
  Plotted /home/miguel/Git/notebooks/reports/r20260629/figures/20260629-delta_omega_F100.0.svg
  Plotted /home/miguel/Git/notebooks/reports/r20260629/figures/20260629-delta_omega_F500.0.svg
  Plotted /home/miguel/Git/notebooks/reports/r20260629/figures/20260629-scaling.svg
  Plotted /home/miguel/Git/notebooks/reports/r20260629/figures/20260629-prefactor_scaling.svg
